
> frontend@0.0.0 build
> tsc -b && vite build

src/components/layout/pianoRoll/useClipsPeaksForPianoRoll.ts(94,32): error TS2551: Property 'trimstartSec' does not exist on type 'ClipInfo'. Did you mean 'trimStartSec'?
src/components/layout/pianoRoll/useClipsPeaksForPianoRoll.ts(107,47): error TS2551: Property 'trimstartSec' does not exist on type 'ClipInfo'. Did you mean 'trimStartSec'?
src/components/layout/pianoRoll/useClipsPeaksForPianoRoll.ts(109,11): error TS2451: Cannot redeclare block-scoped variable 'startSec'.
src/components/layout/pianoRoll/useClipsPeaksForPianoRoll.ts(112,11): error TS2451: Cannot redeclare block-scoped variable 'startSec'.
src/components/layout/pianoRoll/usePianoRollData.ts(183,15): error TS2451: Cannot redeclare block-scoped variable 'startSec'.
src/components/layout/pianoRoll/usePianoRollData.ts(185,15): error TS2451: Cannot redeclare block-scoped variable 'startSec'.
src/components/layout/PianoRollPanel.tsx(487,9): error TS2353: Object literal may only specify known properties, and 'pxPerBeat' does not exist in type '{ clips: ClipInfo[]; visiblestartSec: number; visibleEndBeat: number; secPerBeat: number; }'.
src/components/layout/timeline/clip/useClipWaveformPeaks.ts(201,42): error TS2551: Property 'trimstartSec' does not exist on type 'ClipInfo'. Did you mean 'trimStartSec'?
src/components/layout/timeline/clip/useClipWaveformPeaks.ts(205,15): error TS2451: Cannot redeclare block-scoped variable 'startSec'.
src/components/layout/timeline/clip/useClipWaveformPeaks.ts(219,15): error TS2451: Cannot redeclare block-scoped variable 'startSec'.
src/components/layout/timeline/ClipItem.tsx(241,32): error TS2551: Property 'trimstartSec' does not exist on type 'ClipInfo'. Did you mean 'trimStartSec'?
src/components/layout/timeline/ClipItem.tsx(248,18): error TS2551: Property 'trimstartSec' does not exist on type 'ClipInfo'. Did you mean 'trimStartSec'?
src/components/layout/timeline/clipWaveform.ts(14,9): error TS2344: Type '"lengthSec" | "durationSec" | "trimEndSec" | "trimstartSec"' does not satisfy the constraint 'keyof ClipInfo'.
  Type '"trimstartSec"' is not assignable to type 'keyof ClipInfo'. Did you mean '"trimStartSec"'?
src/components/layout/timeline/hooks/useClipDrag.ts(250,25): error TS2561: Object literal may only specify known properties, but 'trimstartSec' does not exist in type 'ClipTemplate'. Did you mean to write 'trimStartSec'?
src/components/layout/timeline/hooks/useClipDrag.ts(250,50): error TS2551: Property 'trimstartSec' does not exist on type 'ClipInfo'. Did you mean 'trimStartSec'?
src/components/layout/timeline/hooks/useEditDrag.ts(75,36): error TS2551: Property 'trimstartSec' does not exist on type 'ClipInfo'. Did you mean 'trimStartSec'?
src/components/layout/timeline/hooks/useEditDrag.ts(199,125): error TS2551: Property 'trimstartSec' does not exist on type 'ClipInfo'. Did you mean 'trimStartSec'?
src/components/layout/timeline/hooks/useKeyboardShortcuts.ts(80,41): error TS2551: Property 'trimstartSec' does not exist on type 'ClipInfo'. Did you mean 'trimStartSec'?
src/components/layout/timeline/hooks/useSlipDrag.ts(74,43): error TS2551: Property 'trimstartSec' does not exist on type 'ClipInfo'. Did you mean 'trimStartSec'?
src/components/layout/timeline/hooks/useSlipDrag.ts(142,50): error TS2551: Property 'trimstartSec' does not exist on type 'ClipInfo'. Did you mean 'trimStartSec'?
src/features/session/sessionSlice.ts(713,22): error TS2551: Property 'trimstartSec' does not exist on type 'WritableNonArrayDraft<ClipInfo>'. Did you mean 'trimStartSec'?
src/features/session/sessionSlice.ts(800,17): error TS2561: Object literal may only specify known properties, but 'trimstartSec' does not exist in type 'WritableNonArrayDraft<ClipInfo>'. Did you mean to write 'trimStartSec'?
src/features/session/thunks/timelineThunks.ts(104,39): error TS2551: Property 'trimstartSec' does not exist on type 'ClipTemplate'. Did you mean 'trimStartSec'?
