cargo :    Compili
ng HiFiShifter v1.
0.2-beta.2 (D:\Cod
e\HiFiShifter\back
end\src-tauri)
所在位置 行:1 字符: 2
+  cargo check 2> 
d:\Code\HiFiShifte
r\build_errors.txt
; Get-Content d:\ 
...
+  ~~~~~~~~~~~~~~~
~~~~~~~~~~~~~~~~~~
~~~~~~~~~~~~~~~~~~
    + CategoryInf 
   o          :   
  NotSpecified:   
  (   Compilin    
g Hi...kend\s    r
c-tauri):Str    in
g) [], Remo    teE
xception
    + FullyQualif 
   iedErrorId :   
  NativeCommand   
 Error
 
warning: HiFiShift
er@1.0.2-beta.2: [
Frontend] dist 宸插瓨
鍦紝璺宠繃鏋勫缓锛堝垹闄?fron
tend/dist 鍙己鍒堕噸寤猴
級
warning: HiFiShift
er@1.0.2-beta.2: [
RubberBand] Compil
ing with HAVE_KISS
FFT for full pitch
 shifting support
warning: HiFiShift
er@1.0.2-beta.2: [
vslib] copied vsli
b_x64.dll to D:\Co
de\HiFiShifter\bac
kend\src-tauri\tar
get\x86_64-pc-wind
ows-msvc\debug\vsl
ib_x64.dll
error[E0449]: visi
bility qualifiers 
are not permitted 
here
   --> src\rendere
r\hifigan.rs:151:5
    |
151 |     pub fn r
ender_mel_stretch(
&self, ctx: &Rende
rContext<'_>, play
back_rate: f64) ->
 Result<Vec<f32>, 
String> {
    |     ^^^ help
: remove the quali
fier
    |
    = note: trait 
items always share
 the visibility of
 their trait

error[E0407]: meth
od `render_mel_str
etch` is not a mem
ber of trait `Rend
erer`
   --> src\rendere
r\hifigan.rs:151:5
    |
151 | /     pub fn
 render_mel_stretc
h(&self, ctx: &Ren
derContext<'_>, pl
ayback_rate: f64) 
-> Result<Vec<f32>
, String> {
152 | |         le
t fp = ctx.frame_p
eriod_ms;
153 | |         le
t clip_start = ctx
.clip_start_sec;
154 | |         le
t pitch_edit = ctx
.pitch_edit;
...   |
191 | |         Ok
(result)
192 | |     }
    | |_____^ not 
a member of trait 
`Renderer`

warning: unused im
port: `snapshot::m
ake_stretch_key`
  --> src\audio_en
gine\mod.rs:12:16
   |
12 | pub(crate) us
e snapshot::make_s
tretch_key;
   |              
  ^^^^^^^^^^^^^^^^
^^^^^^^^^^
   |
   = note: `#[warn
(unused_imports)]`
 (part of `#[warn(
unused)]`) on by d
efault

warning: unused im
port: `project::sa
ve_project_to_path
_inner`
  --> src\commands
.rs:60:16
   |
60 | pub(crate) us
e project::save_pr
oject_to_path_inne
r;
   |              
  ^^^^^^^^^^^^^^^^
^^^^^^^^^^^^^^^^^^
^

warning: unused im
port: `AppState`
 --> src\pitch_ana
lysis\mod.rs:5:20
  |
5 | use crate::sta
te::{AppState, Cli
p, PitchAnalysisAl
go, TimelineState}
;
  |               
     ^^^^^^^^

warning: unused im
port: `std::collec
tions::HashSet`
 --> src\pitch_ana
lysis\mod.rs:7:5
  |
7 | use std::colle
ctions::HashSet;
  |     ^^^^^^^^^^
^^^^^^^^^^^^^^^

warning: unused im
port: `tauri::Emit
ter`
 --> src\pitch_ana
lysis\mod.rs:9:5
  |
9 | use tauri::Emi
tter;
  |     ^^^^^^^^^^
^^^^

warning: unused im
port: `std::sync::
Arc`
 --> src\pitch_ana
lysis\analysis.rs:
7:5
  |
7 | use std::sync:
:Arc;
  |     ^^^^^^^^^^
^^^^

warning: unused im
ports: `PitchOrigA
nalysisProgressEve
nt` and `PitchOrig
AnalysisStartedEve
nt`
  --> src\pitch_an
alysis\analysis.rs
:11:15
   |
11 |     PitchJob,
 PitchOrigAnalysis
ProgressEvent, Pit
chOrigAnalysisStar
tedEvent,
   |              
 ^^^^^^^^^^^^^^^^^
^^^^^^^^^^^^^  ^^^
^^^^^^^^^^^^^^^^^^
^^^^^^^^

warning: unused im
port: `resample_cu
rve_linear`
 --> src\pitch_ana
lysis\schedule.rs:
8:58
  |
8 | use super::{Pi
tchOrigUpdatedEven
t, build_root_pitc
h_key, resample_cu
rve_linear};
  |               
                  
                  
       ^^^^^^^^^^^
^^^^^^^^^^

warning: unused im
ports: `build_pitc
h_job` and `comput
e_pitch_curve`
  --> src\pitch_an
alysis\mod.rs:16:2
7
   |
16 | pub(crate) us
e analysis::{build
_pitch_job, comput
e_pitch_curve};
   |              
             ^^^^^
^^^^^^^^^^  ^^^^^^
^^^^^^^^^^^^^

warning: unused im
port: `Arc`
 --> src\pitch\pit
ch_clip.rs:4:23
  |
4 | use std::sync:
:{mpsc, Arc, Mutex
, OnceLock};
  |               
        ^^^

warning: unused im
port: `Mutex`
  --> src\pitch\cl
ip_pitch_cache.rs:
10:22
   |
10 | use std::sync
::{Arc, Mutex};
   |              
        ^^^^^

warning: unused im
ports: `ProcessorC
apabilities`, `Ren
derContext`, and `
RendererCapabiliti
es`
  --> src\renderer
\mod.rs:20:15
   |
20 |     Renderer,
 RenderContext, Re
ndererCapabilities
,
   |              
 ^^^^^^^^^^^^^  ^^
^^^^^^^^^^^^^^^^^^
21 |     ClipProce
ssor, ClipProcessC
ontext, ProcessorC
apabilities, Param
Descriptor, ParamK
ind,
   |              
                  
        ^^^^^^^^^^
^^^^^^^^^^^

warning: unused im
ports: `clip_midi_
at_time` and `edit
_midi_at_time_or_n
one`
  --> src\renderer
\mod.rs:23:17
   |
23 | pub use utils
::{edit_midi_at_ti
me_or_none, clip_m
idi_at_time};
   |              
   ^^^^^^^^^^^^^^^
^^^^^^^^^^  ^^^^^^
^^^^^^^^^^^

warning: unused im
ports: `ProcessorC
hain` and `StageCo
ntext`
  --> src\renderer
\mod.rs:24:34
   |
24 | pub use chain
::{ProcessingStage
, StageContext, Pr
ocessorChain};
   |              
                  
  ^^^^^^^^^^^^  ^^
^^^^^^^^^^^^

warning: unused im
port: `Arc`
 --> src\pitch\cli
p_rendering_state.
rs:6:17
  |
6 | use std::sync:
:{Arc, Mutex, atom
ic::{AtomicU32, Or
dering}};
  |               
  ^^^

warning: unused im
port: `PathBuf`
 --> src\import\re
aper_parser.rs:5:2
3
  |
5 | use std::path:
:{Path, PathBuf};
  |               
        ^^^^^^^

error[E0599]: no m
ethod named `rende
r_mel_stretch` fou
nd for struct `HiF
iGanRenderer` in t
he current scope
   --> src\rendere
r\chain.rs:265:22
    |
264 |             
      return crate
::renderer::hifiga
n::HiFiGanRenderer
    |  ___________
_____________-
265 | |           
          .render_
mel_stretch(&rende
r_ctx, rate);
    | |           
          -^^^^^^^
^^^^^^^^^^^ method
 not found in `HiF
iGanRenderer`
    | |___________
__________|
    |
    |
   ::: src\rendere
r\hifigan.rs:17:1
    |
 17 |   pub struct
 HiFiGanRenderer;
    |   ----------
---------------- m
ethod `render_mel_
stretch` not found
 for this struct

error[E0599]: no m
ethod named `rende
r_mel_stretch` fou
nd for struct `HiF
iGanRenderer` in t
he current scope
   --> src\rendere
r\chain.rs:299:22
    |
298 | /           
      crate::rende
rer::hifigan::HiFi
GanRenderer
299 | |           
          .render_
mel_stretch(&rende
r_ctx, rate)?
    | |           
          -^^^^^^^
^^^^^^^^^^^ method
 not found in `HiF
iGanRenderer`
    | |___________
__________|
    |
    |
   ::: src\rendere
r\hifigan.rs:17:1
    |
 17 |   pub struct
 HiFiGanRenderer;
    |   ----------
---------------- m
ethod `render_mel_
stretch` not found
 for this struct

warning: unused va
riable: `bpm`
   --> src\audio_e
ngine\snapshot.rs:
135:9
    |
135 |     let bpm 
= if timeline.bpm.
is_finite() && tim
eline.bpm > 0.0 {
    |         ^^^ 
help: if this is i
ntentional, prefix
 it with an unders
core: `_bpm`
    |
    = note: `#[war
n(unused_variables
)]` (part of `#[wa
rn(unused)]`) on b
y default

warning: variable 
does not need to b
e mutable
   --> src\command
s\vocalshifter.rs:
114:13
    |
114 |         let 
mut p = state.proj
ect.lock().unwrap_
or_else(|e| e.into
_inner());
    |             
----^
    |             
|
    |             
help: remove this 
`mut`
    |
    = note: `#[war
n(unused_mut)]` (p
art of `#[warn(unu
sed)]`) on by defa
ult

warning: variable 
does not need to b
e mutable
  --> src\commands
\reaper.rs:94:13
   |
94 |         let m
ut p = state.proje
ct.lock().unwrap_o
r_else(|e| e.into_
inner());
   |             -
---^
   |             |
   |             h
elp: remove this `
mut`

warning: variable 
does not need to b
e mutable
   --> src\pitch_a
nalysis\analysis.r
s:224:9
    |
224 |     let mut 
need_analysis_ids:
 std::collections:
:HashSet<String> =
 comparison
    |         ----
^^^^^^^^^^^^^^^^^
    |         |
    |         help
: remove this `mut
`

warning: unused va
riable: `bs`
   --> src\pitch_a
nalysis\analysis.r
s:350:9
    |
350 |     let bs =
 60.0 / bpm.max(1e
-6);
    |         ^^ h
elp: if this is in
tentional, prefix 
it with an undersc
ore: `_bs`

warning: unused va
riable: `bs`
   --> src\pitch_a
nalysis\analysis.r
s:921:9
    |
921 |     let bs =
 60.0 / bpm.max(1e
-6);
    |         ^^ h
elp: if this is in
tentional, prefix 
it with an undersc
ore: `_bs`

warning: unused va
riable: `bs`
    --> src\pitch_
analysis\analysis.
rs:1020:9
     |
1020 |     let bs 
= beat_sec(bpm);
     |         ^^ 
help: if this is i
ntentional, prefix
 it with an unders
core: `_bs`

warning: unused va
riable: `debug`
    --> src\pitch_
analysis\analysis.
rs:1087:5
     |
1087 |     debug: 
bool,
     |     ^^^^^ h
elp: if this is in
tentional, prefix 
it with an undersc
ore: `_debug`

warning: variable 
does not need to b
e mutable
    --> src\pitch_
analysis\analysis.
rs:1337:9
     |
1337 |     let mut
 last_winner: Opti
on<String> = None;
     |         ---
-^^^^^^^^^^^
     |         |
     |         hel
p: remove this `mu
t`

warning: unused va
riable: `bs`
    --> src\pitch_
analysis\analysis.
rs:1334:9
     |
1334 |     let bs 
= beat_sec(bpm);
     |         ^^ 
help: if this is i
ntentional, prefix
 it with an unders
core: `_bs`

warning: unused va
riable: `last_winn
er`
    --> src\pitch_
analysis\analysis.
rs:1337:9
     |
1337 |     let mut
 last_winner: Opti
on<String> = None;
     |         ^^^
^^^^^^^^^^^^ help:
 if this is intent
ional, prefix it w
ith an underscore:
 `_last_winner`

warning: unused va
riable: `bs`
  --> src\pitch_an
alysis\schedule.rs
:18:9
   |
18 |     let bs = 
60.0 / bpm;
   |         ^^ he
lp: if this is int
entional, prefix i
t with an undersco
re: `_bs`

warning: unused va
riable: `out_rate`
   --> src\pitch\p
itch_clip.rs:348:5
    |
348 |     out_rate
: u32,
    |     ^^^^^^^^
 help: if this is 
intentional, prefi
x it with an under
score: `_out_rate`

warning: unused va
riable: `bs`
  --> src\pitch\pi
tch_progress.rs:47
:13
   |
47 |         let b
s = 60.0 / bpm.max
(1e-6);
   |             ^
^ help: if this is
 intentional, pref
ix it with an unde
rscore: `_bs`

warning: variable 
does not need to b
e mutable
   --> src\audio\r
ubberband.rs:504:1
7
    |
504 |             
let mut pad_ch: Ve
c<Vec<f32>> = (0..
channels).map(|_| 
vec![0.0; start_pa
d]).collect();
    |             
    ----^^^^^^
    |             
    |
    |             
    help: remove t
his `mut`

warning: unused va
riable: `has_items
`
   --> src\import\
vocalshifter_impor
t.rs:496:17
    |
496 |             
let has_items = al
gos.is_some();
    |             
    ^^^^^^^^^ help
: if this is inten
tional, prefix it 
with an underscore
: `_has_items`

warning: variable 
does not need to b
e mutable
   --> src\import\
reaper_parser.rs:2
62:9
    |
262 |     let mut 
root = Block {
    |         ----
^^^^
    |         |
    |         help
: remove this `mut
`

warning: variable 
does not need to b
e mutable
   --> src\import\
reaper_parser.rs:2
95:17
    |
295 |             
let mut new_block 
= Block {
    |             
    ----^^^^^^^^^
    |             
    |
    |             
    help: remove t
his `mut`

warning: unused va
riable: `has_audio
_items`
   --> src\import\
reaper_import.rs:2
61:13
    |
261 |         let 
has_audio_items = 
reaper_track.items
.iter().any(|item|
 {
    |             
^^^^^^^^^^^^^^^ he
lp: if this is int
entional, prefix i
t with an undersco
re: `_has_audio_it
ems`

warning: variable 
`synthesis_count` 
is assigned to, bu
t never used
   --> src\vocoder
\streaming_world.r
s:423:13
    |
423 |         let 
mut synthesis_coun
t = 0usize;
    |             
^^^^^^^^^^^^^^^^^^
^
    |
    = note: consid
er using `_synthes
is_count` instead

warning: value ass
igned to `synthesi
s_count` is never 
read
   --> src\vocoder
\streaming_world.r
s:435:13
    |
435 |             
synthesis_count +=
 1;
    |             
^^^^^^^^^^^^^^^^^^
^^
    |
    = help: maybe 
it is overwritten 
before being read?
    = note: `#[war
n(unused_assignmen
ts)]` (part of `#[
warn(unused)]`) on
 by default

Some errors have d
etailed explanatio
ns: E0407, E0449, 
E0599.
For more informati
on about an error,
 try `rustc --expl
ain E0407`.
warning: `HiFiShif
ter` (lib) generat
ed 37 warnings
warning: HiFiShift
er@1.0.2-beta.2: [
Frontend] dist 宸插瓨
鍦紝璺宠繃鏋勫缓锛堝垹闄?fron
tend/dist 鍙己鍒堕噸寤猴
級
warning: HiFiShift
er@1.0.2-beta.2: [
RubberBand] Compil
ing with HAVE_KISS
FFT for full pitch
 shifting support
warning: HiFiShift
er@1.0.2-beta.2: [
vslib] copied vsli
b_x64.dll to D:\Co
de\HiFiShifter\bac
kend\src-tauri\tar
get\x86_64-pc-wind
ows-msvc\debug\vsl
ib_x64.dll
error: could not c
ompile `HiFiShifte
r` (lib) due to 4 
previous errors; 3
7 warnings emitted
